Copyright 1986-2018 Xilinx, Inc. All Rights Reserved.
-----------------------------------------------------------------------------------------------------
| Tool Version : Vivado v.2018.3 (lin64) Build 2405991 Thu Dec  6 23:36:41 MST 2018
| Date         : Tue Mar  5 23:03:21 2019
| Host         : dyn14 running 64-bit Ubuntu 18.04.2 LTS
| Command      : report_utilization -file fpga_utilization_placed.rpt -pb fpga_utilization_placed.pb
| Design       : fpga
| Device       : xcku035fbva676-2
| Design State : Fully Placed
-----------------------------------------------------------------------------------------------------

Utilization Design Information

Table of Contents
-----------------
1. CLB Logic
1.1 Summary of Registers by Type
2. CLB Logic Distribution
3. BLOCKRAM
4. ARITHMETIC
5. I/O
6. CLOCK
7. ADVANCED
8. CONFIGURATION
9. Primitives
10. Black Boxes
11. Instantiated Netlists

1. CLB Logic
------------

+----------------------------+-------+-------+-----------+-------+
|          Site Type         |  Used | Fixed | Available | Util% |
+----------------------------+-------+-------+-----------+-------+
| CLB LUTs                   | 37347 |     0 |    203128 | 18.39 |
|   LUT as Logic             | 35943 |     0 |    203128 | 17.69 |
|   LUT as Memory            |  1404 |     0 |    112800 |  1.24 |
|     LUT as Distributed RAM |  1404 |     0 |           |       |
|     LUT as Shift Register  |     0 |     0 |           |       |
| CLB Registers              | 26546 |     0 |    406256 |  6.53 |
|   Register as Flip Flop    | 26546 |     0 |    406256 |  6.53 |
|   Register as Latch        |     0 |     0 |    406256 |  0.00 |
| CARRY8                     |   364 |     0 |     30300 |  1.20 |
| F7 Muxes                   |   421 |     0 |    121200 |  0.35 |
| F8 Muxes                   |   165 |     0 |     60600 |  0.27 |
| F9 Muxes                   |     0 |     0 |     30300 |  0.00 |
+----------------------------+-------+-------+-----------+-------+


1.1 Summary of Registers by Type
--------------------------------

+-------+--------------+-------------+--------------+
| Total | Clock Enable | Synchronous | Asynchronous |
+-------+--------------+-------------+--------------+
| 0     |            _ |           - |            - |
| 0     |            _ |           - |          Set |
| 0     |            _ |           - |        Reset |
| 0     |            _ |         Set |            - |
| 0     |            _ |       Reset |            - |
| 0     |          Yes |           - |            - |
| 169   |          Yes |           - |          Set |
| 1645  |          Yes |           - |        Reset |
| 817   |          Yes |         Set |            - |
| 23915 |          Yes |       Reset |            - |
+-------+--------------+-------------+--------------+


2. CLB Logic Distribution
-------------------------

+--------------------------------------------+-------+-------+-----------+-------+
|                  Site Type                 |  Used | Fixed | Available | Util% |
+--------------------------------------------+-------+-------+-----------+-------+
| CLB                                        |  6956 |     0 |     30300 | 22.96 |
|   CLBL                                     |  3947 |     0 |           |       |
|   CLBM                                     |  3009 |     0 |           |       |
| LUT as Logic                               | 35943 |     0 |    203128 | 17.69 |
|   using O5 output only                     |   475 |       |           |       |
|   using O6 output only                     | 30312 |       |           |       |
|   using O5 and O6                          |  5156 |       |           |       |
| LUT as Memory                              |  1404 |     0 |    112800 |  1.24 |
|   LUT as Distributed RAM                   |  1404 |     0 |           |       |
|     using O5 output only                   |     0 |       |           |       |
|     using O6 output only                   |    20 |       |           |       |
|     using O5 and O6                        |  1384 |       |           |       |
|   LUT as Shift Register                    |     0 |     0 |           |       |
| CLB Registers                              | 26546 |     0 |    406256 |  6.53 |
|   Register driven from within the CLB      | 14938 |       |           |       |
|   Register driven from outside the CLB     | 11608 |       |           |       |
|     LUT in front of the register is unused |  5313 |       |           |       |
|     LUT in front of the register is used   |  6295 |       |           |       |
| Unique Control Sets                        |  1247 |       |     60600 |  2.06 |
+--------------------------------------------+-------+-------+-----------+-------+
* Note: Available Control Sets calculated as CLB Registers / 8, Review the Control Sets Report for more information regarding control sets.


3. BLOCKRAM
-----------

+-------------------+------+-------+-----------+-------+
|     Site Type     | Used | Fixed | Available | Util% |
+-------------------+------+-------+-----------+-------+
| Block RAM Tile    |  166 |     0 |       540 | 30.74 |
|   RAMB36/FIFO*    |  164 |     0 |       540 | 30.37 |
|     RAMB36E2 only |  164 |       |           |       |
|   RAMB18          |    4 |     0 |      1080 |  0.37 |
|     RAMB18E2 only |    4 |       |           |       |
+-------------------+------+-------+-----------+-------+
* Note: Each Block RAM Tile only has one FIFO logic available and therefore can accommodate only one FIFO36E2 or one FIFO18E2. However, if a FIFO18E2 occupies a Block RAM Tile, that tile can still accommodate a RAMB18E2


4. ARITHMETIC
-------------

+-----------+------+-------+-----------+-------+
| Site Type | Used | Fixed | Available | Util% |
+-----------+------+-------+-----------+-------+
| DSPs      |    0 |     0 |      1700 |  0.00 |
+-----------+------+-------+-----------+-------+


5. I/O
------

+------------------+------+-------+-----------+-------+
|     Site Type    | Used | Fixed | Available | Util% |
+------------------+------+-------+-----------+-------+
| Bonded IOB       |   12 |    12 |       312 |  3.85 |
| HPIOB            |   10 |    10 |       208 |  4.81 |
|   INPUT          |    2 |       |           |       |
|   OUTPUT         |    8 |       |           |       |
|   BIDIR          |    0 |       |           |       |
| HRIO             |    2 |     2 |       104 |  1.92 |
|   INPUT          |    0 |       |           |       |
|   OUTPUT         |    2 |       |           |       |
|   BIDIR          |    0 |       |           |       |
| HPIOBDIFFINBUF   |    1 |     1 |       192 |  0.52 |
|   DIFFINBUF      |    1 |     1 |           |       |
| HPIOBDIFFOUTBUF  |    0 |     0 |       192 |  0.00 |
| HRIODIFFINBUF    |    0 |     0 |        48 |  0.00 |
| HRIODIFFOUTBUF   |    0 |     0 |        48 |  0.00 |
| BITSLICE_CONTROL |    0 |     0 |        80 |  0.00 |
| BITSLICE_RX_TX   |    0 |     0 |       520 |  0.00 |
| BITSLICE_TX      |    0 |     0 |        80 |  0.00 |
| RIU_OR           |    0 |     0 |        40 |  0.00 |
+------------------+------+-------+-----------+-------+


6. CLOCK
--------

+----------------------+------+-------+-----------+-------+
|       Site Type      | Used | Fixed | Available | Util% |
+----------------------+------+-------+-----------+-------+
| GLOBAL CLOCK BUFFERs |    9 |     0 |       480 |  1.88 |
|   BUFGCE             |    3 |     0 |       240 |  1.25 |
|   BUFGCE_DIV         |    0 |     0 |        40 |  0.00 |
|   BUFG_GT            |    6 |     0 |       120 |  5.00 |
|   BUFGCTRL*          |    0 |     0 |        80 |  0.00 |
| PLLE3_ADV            |    0 |     0 |        20 |  0.00 |
| MMCME3_ADV           |    2 |     0 |        10 | 20.00 |
+----------------------+------+-------+-----------+-------+
* Note: Each used BUFGCTRL counts as two global buffer resources. This table does not include global clocking resources, only buffer cell usage. See the Clock Utilization Report (report_clock_utilization) for detailed accounting of global clocking resource availability.


7. ADVANCED
-----------

+-----------------+------+-------+-----------+-------+
|    Site Type    | Used | Fixed | Available | Util% |
+-----------------+------+-------+-----------+-------+
| GTHE3_CHANNEL   |    2 |     2 |        16 | 12.50 |
| GTHE3_COMMON    |    1 |     0 |         4 | 25.00 |
| IBUFDS_GTE3     |    1 |     1 |         8 | 12.50 |
| OBUFDS_GTE3     |    0 |     0 |         8 |  0.00 |
| OBUFDS_GTE3_ADV |    0 |     0 |         8 |  0.00 |
| PCIE_3_1        |    0 |     0 |         2 |  0.00 |
| SYSMONE1        |    0 |     0 |         1 |  0.00 |
+-----------------+------+-------+-----------+-------+


8. CONFIGURATION
----------------

+-------------+------+-------+-----------+-------+
|  Site Type  | Used | Fixed | Available | Util% |
+-------------+------+-------+-----------+-------+
| BSCANE2     |    0 |     0 |         4 |  0.00 |
| DNA_PORTE2  |    0 |     0 |         1 |  0.00 |
| EFUSE_USR   |    0 |     0 |         1 |  0.00 |
| FRAME_ECCE3 |    0 |     0 |         1 |  0.00 |
| ICAPE3      |    0 |     0 |         2 |  0.00 |
| MASTER_JTAG |    0 |     0 |         1 |  0.00 |
| STARTUPE3   |    0 |     0 |         1 |  0.00 |
+-------------+------+-------+-----------+-------+


9. Primitives
-------------

+---------------+-------+---------------------+
|    Ref Name   |  Used | Functional Category |
+---------------+-------+---------------------+
| FDRE          | 23915 |            Register |
| LUT6          | 15870 |                 CLB |
| LUT5          | 11766 |                 CLB |
| LUT3          |  6297 |                 CLB |
| LUT4          |  5028 |                 CLB |
| RAMD32        |  2426 |                 CLB |
| LUT2          |  1984 |                 CLB |
| FDCE          |  1645 |            Register |
| FDSE          |   817 |            Register |
| MUXF7         |   421 |                 CLB |
| CARRY8        |   364 |                 CLB |
| RAMS32        |   346 |                 CLB |
| FDPE          |   169 |            Register |
| MUXF8         |   165 |                 CLB |
| RAMB36E2      |   164 |           Block Ram |
| LUT1          |   154 |                 CLB |
| RAMD64E       |    16 |                 CLB |
| OBUF          |    10 |                 I/O |
| BUFG_GT       |     6 |               Clock |
| RAMB18E2      |     4 |           Block Ram |
| BUFG_GT_SYNC  |     3 |               Clock |
| BUFGCE        |     3 |               Clock |
| MMCME3_ADV    |     2 |               Clock |
| GTHE3_CHANNEL |     2 |            Advanced |
| IBUFDS_GTE3   |     1 |            Advanced |
| IBUFCTRL      |     1 |              Others |
| GTHE3_COMMON  |     1 |            Advanced |
| DIFFINBUF     |     1 |                 I/O |
+---------------+-------+---------------------+


10. Black Boxes
---------------

+----------+------+
| Ref Name | Used |
+----------+------+


11. Instantiated Netlists
-------------------------

+-----------------------+------+
|        Ref Name       | Used |
+-----------------------+------+
| gtwizard_ultrascale_0 |    1 |
+-----------------------+------+


