Copyright 1986-2019 Xilinx, Inc. All Rights Reserved.
-----------------------------------------------------------------------------------------------------
| Tool Version : Vivado v.2019.1 (lin64) Build 2552052 Fri May 24 14:47:09 MDT 2019
| Date         : Mon Jul 29 13:25:05 2019
| Host         : dyn14 running 64-bit Ubuntu 18.04.2 LTS
| Command      : report_utilization -file fpga_utilization_placed.rpt -pb fpga_utilization_placed.pb
| Design       : fpga
| Device       : xcku035fbva676-2
| Design State : Fully Placed
-----------------------------------------------------------------------------------------------------

Utilization Design Information

Table of Contents
-----------------
1. CLB Logic
1.1 Summary of Registers by Type
2. CLB Logic Distribution
3. BLOCKRAM
4. ARITHMETIC
5. I/O
6. CLOCK
7. ADVANCED
8. CONFIGURATION
9. Primitives
10. Black Boxes
11. Instantiated Netlists

1. CLB Logic
------------

+----------------------------+-------+-------+-----------+-------+
|          Site Type         |  Used | Fixed | Available | Util% |
+----------------------------+-------+-------+-----------+-------+
| CLB LUTs                   | 33312 |     0 |    203128 | 16.40 |
|   LUT as Logic             | 31488 |     0 |    203128 | 15.50 |
|   LUT as Memory            |  1824 |     0 |    112800 |  1.62 |
|     LUT as Distributed RAM |  1824 |     0 |           |       |
|     LUT as Shift Register  |     0 |     0 |           |       |
| CLB Registers              | 25308 |     0 |    406256 |  6.23 |
|   Register as Flip Flop    | 25308 |     0 |    406256 |  6.23 |
|   Register as Latch        |     0 |     0 |    406256 |  0.00 |
| CARRY8                     |   328 |     0 |     30300 |  1.08 |
| F7 Muxes                   |   327 |     0 |    121200 |  0.27 |
| F8 Muxes                   |   153 |     0 |     60600 |  0.25 |
| F9 Muxes                   |     0 |     0 |     30300 |  0.00 |
+----------------------------+-------+-------+-----------+-------+


1.1 Summary of Registers by Type
--------------------------------

+-------+--------------+-------------+--------------+
| Total | Clock Enable | Synchronous | Asynchronous |
+-------+--------------+-------------+--------------+
| 0     |            _ |           - |            - |
| 0     |            _ |           - |          Set |
| 0     |            _ |           - |        Reset |
| 0     |            _ |         Set |            - |
| 0     |            _ |       Reset |            - |
| 0     |          Yes |           - |            - |
| 170   |          Yes |           - |          Set |
| 1645  |          Yes |           - |        Reset |
| 659   |          Yes |         Set |            - |
| 22834 |          Yes |       Reset |            - |
+-------+--------------+-------------+--------------+


2. CLB Logic Distribution
-------------------------

+--------------------------------------------+-------+-------+-----------+-------+
|                  Site Type                 |  Used | Fixed | Available | Util% |
+--------------------------------------------+-------+-------+-----------+-------+
| CLB                                        |  6532 |     0 |     30300 | 21.56 |
|   CLBL                                     |  3767 |     0 |           |       |
|   CLBM                                     |  2765 |     0 |           |       |
| LUT as Logic                               | 31488 |     0 |    203128 | 15.50 |
|   using O5 output only                     |   442 |       |           |       |
|   using O6 output only                     | 25253 |       |           |       |
|   using O5 and O6                          |  5793 |       |           |       |
| LUT as Memory                              |  1824 |     0 |    112800 |  1.62 |
|   LUT as Distributed RAM                   |  1824 |     0 |           |       |
|     using O5 output only                   |     0 |       |           |       |
|     using O6 output only                   |    32 |       |           |       |
|     using O5 and O6                        |  1792 |       |           |       |
|   LUT as Shift Register                    |     0 |     0 |           |       |
| CLB Registers                              | 25308 |     0 |    406256 |  6.23 |
|   Register driven from within the CLB      | 13917 |       |           |       |
|   Register driven from outside the CLB     | 11391 |       |           |       |
|     LUT in front of the register is unused |  5880 |       |           |       |
|     LUT in front of the register is used   |  5511 |       |           |       |
| Unique Control Sets                        |  1065 |       |     60600 |  1.76 |
+--------------------------------------------+-------+-------+-----------+-------+
* Note: Available Control Sets calculated as CLB Registers / 8, Review the Control Sets Report for more information regarding control sets.


3. BLOCKRAM
-----------

+-------------------+------+-------+-----------+-------+
|     Site Type     | Used | Fixed | Available | Util% |
+-------------------+------+-------+-----------+-------+
| Block RAM Tile    |  194 |     0 |       540 | 35.93 |
|   RAMB36/FIFO*    |  192 |     0 |       540 | 35.56 |
|     RAMB36E2 only |  192 |       |           |       |
|   RAMB18          |    4 |     0 |      1080 |  0.37 |
|     RAMB18E2 only |    4 |       |           |       |
+-------------------+------+-------+-----------+-------+
* Note: Each Block RAM Tile only has one FIFO logic available and therefore can accommodate only one FIFO36E2 or one FIFO18E2. However, if a FIFO18E2 occupies a Block RAM Tile, that tile can still accommodate a RAMB18E2


4. ARITHMETIC
-------------

+-----------+------+-------+-----------+-------+
| Site Type | Used | Fixed | Available | Util% |
+-----------+------+-------+-----------+-------+
| DSPs      |    0 |     0 |      1700 |  0.00 |
+-----------+------+-------+-----------+-------+


5. I/O
------

+------------------+------+-------+-----------+-------+
|     Site Type    | Used | Fixed | Available | Util% |
+------------------+------+-------+-----------+-------+
| Bonded IOB       |   12 |    12 |       312 |  3.85 |
| HPIOB            |   10 |    10 |       208 |  4.81 |
|   INPUT          |    2 |       |           |       |
|   OUTPUT         |    8 |       |           |       |
|   BIDIR          |    0 |       |           |       |
| HRIO             |    2 |     2 |       104 |  1.92 |
|   INPUT          |    0 |       |           |       |
|   OUTPUT         |    2 |       |           |       |
|   BIDIR          |    0 |       |           |       |
| HPIOBDIFFINBUF   |    1 |     1 |       192 |  0.52 |
|   DIFFINBUF      |    1 |     1 |           |       |
| HPIOBDIFFOUTBUF  |    0 |     0 |       192 |  0.00 |
| HRIODIFFINBUF    |    0 |     0 |        48 |  0.00 |
| HRIODIFFOUTBUF   |    0 |     0 |        48 |  0.00 |
| BITSLICE_CONTROL |    0 |     0 |        80 |  0.00 |
| BITSLICE_RX_TX   |    0 |     0 |       520 |  0.00 |
| BITSLICE_TX      |    0 |     0 |        80 |  0.00 |
| RIU_OR           |    0 |     0 |        40 |  0.00 |
+------------------+------+-------+-----------+-------+


6. CLOCK
--------

+----------------------+------+-------+-----------+-------+
|       Site Type      | Used | Fixed | Available | Util% |
+----------------------+------+-------+-----------+-------+
| GLOBAL CLOCK BUFFERs |    9 |     0 |       480 |  1.88 |
|   BUFGCE             |    3 |     0 |       240 |  1.25 |
|   BUFGCE_DIV         |    0 |     0 |        40 |  0.00 |
|   BUFG_GT            |    6 |     0 |       120 |  5.00 |
|   BUFGCTRL*          |    0 |     0 |        80 |  0.00 |
| PLLE3_ADV            |    0 |     0 |        20 |  0.00 |
| MMCME3_ADV           |    2 |     0 |        10 | 20.00 |
+----------------------+------+-------+-----------+-------+
* Note: Each used BUFGCTRL counts as two GLOBAL CLOCK BUFFERs. This table does not include global clocking resources, only buffer cell usage. See the Clock Utilization Report (report_clock_utilization) for detailed accounting of global clocking resource availability.


7. ADVANCED
-----------

+-----------------+------+-------+-----------+-------+
|    Site Type    | Used | Fixed | Available | Util% |
+-----------------+------+-------+-----------+-------+
| GTHE3_CHANNEL   |    2 |     2 |        16 | 12.50 |
| GTHE3_COMMON    |    1 |     0 |         4 | 25.00 |
| IBUFDS_GTE3     |    1 |     1 |         8 | 12.50 |
| OBUFDS_GTE3     |    0 |     0 |         8 |  0.00 |
| OBUFDS_GTE3_ADV |    0 |     0 |         8 |  0.00 |
| PCIE_3_1        |    0 |     0 |         2 |  0.00 |
| SYSMONE1        |    0 |     0 |         1 |  0.00 |
+-----------------+------+-------+-----------+-------+


8. CONFIGURATION
----------------

+-------------+------+-------+-----------+-------+
|  Site Type  | Used | Fixed | Available | Util% |
+-------------+------+-------+-----------+-------+
| BSCANE2     |    0 |     0 |         4 |  0.00 |
| DNA_PORTE2  |    0 |     0 |         1 |  0.00 |
| EFUSE_USR   |    0 |     0 |         1 |  0.00 |
| FRAME_ECCE3 |    0 |     0 |         1 |  0.00 |
| ICAPE3      |    0 |     0 |         2 |  0.00 |
| MASTER_JTAG |    0 |     0 |         1 |  0.00 |
| STARTUPE3   |    0 |     0 |         1 |  0.00 |
+-------------+------+-------+-----------+-------+


9. Primitives
-------------

+---------------+-------+---------------------+
|    Ref Name   |  Used | Functional Category |
+---------------+-------+---------------------+
| FDRE          | 22834 |            Register |
| LUT6          | 12765 |                 CLB |
| LUT5          | 10354 |                 CLB |
| LUT3          |  7679 |                 CLB |
| LUT4          |  3848 |                 CLB |
| RAMD32        |  3136 |                 CLB |
| LUT2          |  2499 |                 CLB |
| FDCE          |  1645 |            Register |
| FDSE          |   659 |            Register |
| RAMS32        |   448 |                 CLB |
| CARRY8        |   328 |                 CLB |
| MUXF7         |   327 |                 CLB |
| RAMB36E2      |   192 |           Block Ram |
| FDPE          |   170 |            Register |
| MUXF8         |   153 |                 CLB |
| LUT1          |   136 |                 CLB |
| RAMD64E       |    32 |                 CLB |
| OBUF          |    10 |                 I/O |
| BUFG_GT       |     6 |               Clock |
| RAMB18E2      |     4 |           Block Ram |
| BUFG_GT_SYNC  |     3 |               Clock |
| BUFGCE        |     3 |               Clock |
| MMCME3_ADV    |     2 |               Clock |
| GTHE3_CHANNEL |     2 |            Advanced |
| IBUFDS_GTE3   |     1 |            Advanced |
| IBUFCTRL      |     1 |              Others |
| GTHE3_COMMON  |     1 |            Advanced |
| DIFFINBUF     |     1 |                 I/O |
+---------------+-------+---------------------+


10. Black Boxes
---------------

+----------+------+
| Ref Name | Used |
+----------+------+


11. Instantiated Netlists
-------------------------

+-----------------------+------+
|        Ref Name       | Used |
+-----------------------+------+
| gtwizard_ultrascale_0 |    1 |
+-----------------------+------+


